GNU Tool Chain  

Linker command line:

--edf=E:\FMD\CCompiler\Compiler\data\dat\en_msgs.txt -cs \
  -h+ft61fc2x_timer0.sym --cmf=ft61fc2x_timer0.cmf -z -QFT61FC2X \
  -oC:\Users\weiju\AppData\Local\Temp\s63k.2 -Mft61fc2x_timer0.map -E1 \
  -ver=XC8 -ASTACK=049h-06fh -pstack=STACK -ACODE=00h-07FFh \
  -ASTRCODE=00h-07FFh -ASTRING=00h-0FFhx8 -ACONST=00h-0FFhx8 \
  -AENTRY=00h-0FFhx8 -ACOMMON=070h-07Fh -ABANK0=020h-06Fh -ABANK1=0A0h-0BFh \
  -ARAM=020h-06Fh,0A0h-0BFh -AABS1=020h-07Fh,0A0h-0BFh -ASFR0=00h-01Fh \
  -ASFR1=080h-09Fh -ASFR2=0100h-016Fh \
  -preset_vec=00h,intentry=04h,init,end_init -ppowerup=CODE -pcinit=CODE \
  -pfunctab=ENTRY -ACONFIG=02007h-02007h -pconfig=CONFIG -DCONFIG=2 \
  -AIDLOC=02000h-02003h -pidloc=IDLOC -DIDLOC=2 -AEEDATA=00h-0FFh/02100h \
  -peeprom_data=EEDATA -DEEDATA=2 -DCODE=2 -DSTRCODE=2 -DSTRING=2 -DCONST=2 \
  -DENTRY=2 -k C:\Users\weiju\AppData\Local\Temp\s63k.obj \
  ft61fc2x_timer0.obj 

Object code version is 3.11

Machine type is FT61FC2X



                Name                               Link     Load   Length Selector   Space Scale
C:\Users\weiju\AppData\Local\Temp\s63k.obj
                end_init                             10       10        1        8       0
                reset_vec                             0        0        1        0       0
ft61fc2x_timer0.obj
                cinit                                11       11        B        8       0
                intentry                              4        4        C        8       0
                text12                              1E1      1E1       67        8       0
                text11                              17A      17A       67        8       0
                text10                              36D      36D        8      6AE       0
                text9                               2EA      2EA       1A        8       0
                text8                               2C9      2C9       21        8       0
                text7                               27E      27E       2A        8       0
                swtext3                             375      375        6      6EA       0
                swtext2                             347      347       10      68E       0
                swtext1                             37B      37B        4      6EA       0
                text6                                1C       1C      15E        8       0
                text5                               2A8      2A8       21        8       0
                text4                               248      248       36        8       0
                text3                               304      304       19        8       0
                text2                               335      335       12        8       0
                text1                               357      357        E      6AE       0
                maintext                            31D      31D       18        8       0
                cstackCOMMON                         70       70        C       70       1
                clrtext                             365      365        8      6AE       0
                dataBANK0                            48       48        1       20       1
                bssBANK0                             20       20       27       20       1
                dataCOMMON                           7D       7D        1       70       1
                bssCOMMON                            7C       7C        1       70       1
                nvBANK0                              47       47        1       20       1

TOTAL           Name                               Link     Load   Length     Space
        CLASS   STACK          

        CLASS   CODE           
                end_init                             10       10        1         0
                cinit                                11       11        B         0
                intentry                              4        4        C         0
                reset_vec                             0        0        1         0
                text12                              1E1      1E1       67         0
                text11                              17A      17A       67         0
                text10                              36D      36D        8         0
                text9                               2EA      2EA       1A         0
                text8                               2C9      2C9       21         0
                text7                               27E      27E       2A         0
                text6                                1C       1C      15E         0
                text5                               2A8      2A8       21         0
                text4                               248      248       36         0
                text3                               304      304       19         0
                text2                               335      335       12         0
                text1                               357      357        E         0
                maintext                            31D      31D       18         0
                clrtext                             365      365        8         0

        CLASS   STRCODE        

        CLASS   STRING         

        CLASS   CONST          
                swtext3                             375      375        6         0
                swtext2                             347      347       10         0
                swtext1                             37B      37B        4         0

        CLASS   ENTRY          

        CLASS   COMMON         
                cstackCOMMON                         70       70        C         1
                dataCOMMON                           7D       7D        1         1
                bssCOMMON                            7C       7C        1         1

        CLASS   BANK0          
                dataBANK0                            48       48        1         1
                bssBANK0                             20       20       27         1
                nvBANK0                              47       47        1         1

        CLASS   BANK1          

        CLASS   RAM            

        CLASS   ABS1           
                abs_s1                               7E       7E        2         1

        CLASS   SFR0           

        CLASS   SFR1           

        CLASS   SFR2           

        CLASS   CONFIG         

        CLASS   IDLOC          

        CLASS   EEDATA         

        CLASS   BANK2          



SEGMENTS        Name                           Load    Length   Top    Selector   Space  Class     Delta

                reset_vec                      000000  000001  000001         0       0  CODE        2
                intentry                       000004  000343  000347         8       0  CODE        2
                bssBANK0                       000020  000029  000049        20       1  BANK0       1
                cstackCOMMON                   000070  00000E  00007E        70       1  COMMON      1
                swtext2                        000347  000010  000357       68E       0  CONST       2
                text1                          000357  00001E  000375       6AE       0  CODE        2
                swtext3                        000375  00000A  00037F       6EA       0  CONST       2


UNUSED ADDRESS RANGES

        Name                Unused          Largest block    Delta
        BANK0            049-06F            27           1
        BANK1            0A0-0BF            20           1
        CODE             001-003             3           2
                         37F-7FF           481
        CONFIG           2007-2007             1           2
        CONST            001-003             3           2
                         37F-7FF           100
        EEDATA           2100-21FF           100           2
        ENTRY            001-003             3           2
                         37F-7FF           100
        IDLOC            2000-2003             4           2
        RAM              049-06F            27           1
                         0A0-0BF            20
        SFR0             000-01F            20           1
        SFR1             080-09F            20           1
        SFR2             100-16F            70           1
        STACK            049-06F            27           1
        STRCODE          001-003             3           2
                         37F-7FF           481
        STRING           001-003             3           2
                         37F-7FF           100

                                  Symbol Table

Addr_code@Addrs              cstackCOMMON 072
Addr_code@i                  cstackCOMMON 073
EEPROMread@EEAddr            cstackCOMMON 070
EEPROMread@ReEEPROMread      cstackCOMMON 071
PL2                          text6        16F
PL4                          text11       1DB
PL6                          text4        278
_ANSEL                       (abs)        091
_Addr_code                   text9        2EA
_Addrs_code_EEPROM           dataCOMMON   07D
_CMCON0                      (abs)        019
_DATA                        bssBANK0     03A
_EEADR                       (abs)        09B
_EEDAT                       (abs)        09A
_EEPROMread                  text10       36D
_GIE                         (abs)        05F
_INTCON                      (abs)        00B
_INTE                        (abs)        05C
_INTEDG                      (abs)        40E
_INTF                        (abs)        059
_IOCA                        (abs)        096
_ISR                         text4        248
_KEY                         bssBANK0     02F
_LED                         bssBANK0     040
_LED_function                text12       1E1
_LVDEN                       (abs)        473
_MSCKCON                     (abs)        01B
_OPTION                      (abs)        081
_OSCCON                      (abs)        08F
_PA2                         (abs)        02A
_PA3                         (abs)        02B
_PA4                         (abs)        02C
_PA5                         (abs)        02D
_PA6                         (abs)        02E
_PA7                         (abs)        02F
_PAIE                        (abs)        05B
_PAIF                        (abs)        058
_PC0                         (abs)        038
_PC1                         (abs)        039
_PC2                         (abs)        03A
_PC3                         (abs)        03B
_PC4                         (abs)        03C
_PC5                         (abs)        03D
_PEIE                        (abs)        05E
_PORTA                       (abs)        005
_PORTC                       (abs)        007
_POWER_INITIAL               text3        304
_PR2                         (abs)        092
_RD                          (abs)        4E0
_RF                          bssBANK0     020
_RF_send                     text11       17A
_SLVREN                      (abs)        0DC
_Sleep_code                  text2        335
_T2CON                       (abs)        012
_TIMER2_INITIAL              text1        357
_TMR2                        (abs)        011
_TMR2IE                      (abs)        461
_TMR2IF                      (abs)        061
_TMR2ON                      (abs)        092
_TRISA                       (abs)        085
_TRISC                       (abs)        087
_WPUA                        (abs)        095
_WPUC                        (abs)        088
__Habs1                      abs1         000
__Hbank0                     bank0        000
__Hbank1                     bank1        000
__Hbank2                     bank2        000
__HbssBANK0                  bssBANK0     000
__HbssCOMMON                 bssCOMMON    000
__Hcinit                     cinit        01C
__Hclrtext                   clrtext      000
__Hcode                      code         000
__Hcommon                    common       000
__Hconfig                    config       000
__HcstackBANK0               cstackBANK0  000
__HcstackCOMMON              cstackCOMMON 000
__HdataBANK0                 dataBANK0    000
__HdataCOMMON                dataCOMMON   000
__Heeprom_data               eeprom_data  000
__Hend_init                  end_init     011
__Hfunctab                   functab      000
__HidataBANK0                idataBANK0   000
__HidataCOMMON               idataCOMMON  000
__Hidloc                     idloc        000
__Hinit                      init         010
__Hintentry                  intentry     010
__Hmaintext                  maintext     000
__HnvBANK0                   nvBANK0      000
__Hpa_nodes0                 pa_nodes0    000
__Hpowerup                   powerup      000
__Hram                       ram          000
__Hreset_vec                 reset_vec    001
__Hsfr0                      sfr0         000
__Hsfr1                      sfr1         000
__Hsfr2                      sfr2         000
__Hspace_0                   (abs)        37F
__Hspace_1                   (abs)        07E
__Hspace_2                   (abs)        000
__Hspace_3                   (abs)        000
__Hstack                     stack        000
__Hstrings                   strings      000
__Htext                      text         000
__Labs1                      abs1         000
__Lbank0                     bank0        000
__Lbank1                     bank1        000
__Lbank2                     bank2        000
__LbssBANK0                  bssBANK0     000
__LbssCOMMON                 bssCOMMON    000
__Lcinit                     cinit        011
__Lclrtext                   clrtext      000
__Lcode                      code         000
__Lcommon                    common       000
__Lconfig                    config       000
__LcstackBANK0               cstackBANK0  000
__LcstackCOMMON              cstackCOMMON 000
__LdataBANK0                 dataBANK0    000
__LdataCOMMON                dataCOMMON   000
__Leeprom_data               eeprom_data  000
__Lend_init                  end_init     010
__Lfunctab                   functab      000
__LidataBANK0                idataBANK0   000
__LidataCOMMON               idataCOMMON  000
__Lidloc                     idloc        000
__Linit                      init         010
__Lintentry                  intentry     004
__Lmaintext                  maintext     000
__LnvBANK0                   nvBANK0      000
__Lpa_nodes0                 pa_nodes0    000
__Lpowerup                   powerup      000
__Lram                       ram          000
__Lreset_vec                 reset_vec    000
__Lsfr0                      sfr0         000
__Lsfr1                      sfr1         000
__Lsfr2                      sfr2         000
__Lspace_0                   (abs)        000
__Lspace_1                   (abs)        000
__Lspace_2                   (abs)        000
__Lspace_3                   (abs)        000
__Lstack                     stack        000
__Lstrings                   strings      000
__Ltext                      text         000
__S0                         (abs)        37F
__S1                         (abs)        07E
__S2                         (abs)        000
__S3                         (abs)        000
___int_sp                    stack        000
___latbits                   (abs)        000
___sp                        stack        000
__end_ofPL2                  text6        17A
__end_ofPL4                  text11       1E1
__end_ofPL6                  text4        27E
__end_of_Addr_code           text9        304
__end_of_EEPROMread          text10       375
__end_of_ISR                 text4        278
__end_of_LED_function        text12       248
__end_of_POWER_INITIAL       text3        31D
__end_of_RF_send             text11       1DB
__end_of_Sleep_code          text2        347
__end_of_TIMER2_INITIAL      text1        365
__end_of__initialization     cinit        01A
__end_of_main                maintext     335
__end_of_scanf_key           text6        16F
__end_of_start_code          text5        2C9
__end_of_write_bit           text8        2EA
__end_of_write_key_function  text7        2A8
__initialization             cinit        011
__pbssBANK0                  bssBANK0     020
__pbssCOMMON                 bssCOMMON    07C
__pcstackBANK0               cstackBANK0  000
__pcstackCOMMON              cstackCOMMON 070
__pdataBANK0                 dataBANK0    048
__pdataCOMMON                dataCOMMON   07D
__pidataBANK0                idataBANK0   000
__pidataCOMMON               idataCOMMON  000
__pintentry                  intentry     004
__pmaintext                  maintext     31D
__pnvBANK0                   nvBANK0      047
__pswtext1                   swtext1      37B
__pswtext2                   swtext2      347
__pswtext3                   swtext3      375
__ptext1                     text1        357
__ptext10                    text10       36D
__ptext11                    text11       17A
__ptext12                    text12       1E1
__ptext2                     text2        335
__ptext3                     text3        304
__ptext4                     text4        248
__ptext5                     text5        2A8
__ptext6                     text6        01C
__ptext7                     text7        27E
__ptext8                     text8        2C9
__ptext9                     text9        2EA
__size_of_Addr_code          (abs)        000
__size_of_EEPROMread         (abs)        000
__size_of_ISR                (abs)        000
__size_of_LED_function       (abs)        000
__size_of_POWER_INITIAL      (abs)        000
__size_of_RF_send            (abs)        000
__size_of_Sleep_code         (abs)        000
__size_of_TIMER2_INITIAL     (abs)        000
__size_of_main               (abs)        000
__size_of_scanf_key          (abs)        000
__size_of_start_code         (abs)        000
__size_of_write_bit          (abs)        000
__size_of_write_key_function (abs)        000
_interrupt_delay             bssBANK0     044
_last_PORTA                  nvBANK0      047
_main                        maintext     31D
_power_sleep                 dataBANK0    048
_scanf_key                   text6        01C
_start_code                  text5        2A8
_start_flag                  bssBANK0     045
_start_time                  bssBANK0     046
_write_bit                   text8        2C9
_write_key_function          text7        27E
btemp                        (abs)        07E
clear_ram0                   clrtext      365
end_of_initialization        cinit        01A
interrupt_function           intentry     004
intlevel0                    functab      000
intlevel1                    functab      000
intlevel2                    functab      000
intlevel3                    functab      000
intlevel4                    functab      000
intlevel5                    functab      000
reset_vec                    reset_vec    000
saved_w                      (abs)        07E
scanf_key@scan_row           bssCOMMON    07C
stackhi                      (abs)        000
stacklo                      (abs)        000
start                        init         010
start_initialization         cinit        011
write_bit@byte               cstackCOMMON 071
write_key_function@Addr      cstackCOMMON 076
write_key_function@key       cstackCOMMON 075
wtemp0                       (abs)        07E


FUNCTION INFORMATION:

 *************** function _main *****************
 Defined at:
		line 1077 in file "FT61FC2x_Timer0.c"
 Parameters:    Size  Location     Type
		None
 Auto vars:     Size  Location     Type
		None
 Return value:  Size  Location     Type
                  1    wreg      void 
 Registers used:
		wreg, status,2, status,0, pclath, cstack
 Tracked objects:
		On entry : 
		On exit  : 
		Unchanged: 
 Data sizes:     COMMON   BANK0   BANK1
      Params:         0       0       0
      Locals:         0       0       0
      Temps:          0       0       0
      Totals:         0       0       0
Total ram usage:        0 bytes
 Hardware stack levels required when called:    6
 This function calls:
		_POWER_INITIAL
		_Sleep_code
		_TIMER2_INITIAL
 This function is called by:
		Startup code after reset
 This function uses a non-reentrant model


 *************** function _TIMER2_INITIAL *****************
 Defined at:
		line 224 in file "FT61FC2x_Timer0.c"
 Parameters:    Size  Location     Type
		None
 Auto vars:     Size  Location     Type
		None
 Return value:  Size  Location     Type
                  1    wreg      void 
 Registers used:
		wreg, status,2
 Tracked objects:
		On entry : 
		On exit  : 
		Unchanged: 
 Data sizes:     COMMON   BANK0   BANK1
      Params:         0       0       0
      Locals:         0       0       0
      Temps:          0       0       0
      Totals:         0       0       0
Total ram usage:        0 bytes
 Hardware stack levels used:    1
 Hardware stack levels required when called:    5
 This function calls:
		Nothing
 This function is called by:
		_main
 This function uses a non-reentrant model


 *************** function _Sleep_code *****************
 Defined at:
		line 983 in file "FT61FC2x_Timer0.c"
 Parameters:    Size  Location     Type
		None
 Auto vars:     Size  Location     Type
		None
 Return value:  Size  Location     Type
                  1    wreg      void 
 Registers used:
		wreg, status,2, status,0
 Tracked objects:
		On entry : 
		On exit  : 
		Unchanged: 
 Data sizes:     COMMON   BANK0   BANK1
      Params:         0       0       0
      Locals:         0       0       0
      Temps:          0       0       0
      Totals:         0       0       0
Total ram usage:        0 bytes
 Hardware stack levels used:    1
 Hardware stack levels required when called:    5
 This function calls:
		Nothing
 This function is called by:
		_main
 This function uses a non-reentrant model


 *************** function _POWER_INITIAL *****************
 Defined at:
		line 172 in file "FT61FC2x_Timer0.c"
 Parameters:    Size  Location     Type
		None
 Auto vars:     Size  Location     Type
		None
 Return value:  Size  Location     Type
                  1    wreg      void 
 Registers used:
		wreg, status,2
 Tracked objects:
		On entry : 
		On exit  : 
		Unchanged: 
 Data sizes:     COMMON   BANK0   BANK1
      Params:         0       0       0
      Locals:         0       0       0
      Temps:          0       0       0
      Totals:         0       0       0
Total ram usage:        0 bytes
 Hardware stack levels used:    1
 Hardware stack levels required when called:    5
 This function calls:
		Nothing
 This function is called by:
		_main
 This function uses a non-reentrant model


 *************** function _ISR *****************
 Defined at:
		line 1011 in file "FT61FC2x_Timer0.c"
 Parameters:    Size  Location     Type
		None
 Auto vars:     Size  Location     Type
		None
 Return value:  Size  Location     Type
                  1    wreg      void 
 Registers used:
		wreg, fsr0l, fsr0h, status,2, status,0, btemp+1, pclath, cstack
 Tracked objects:
		On entry : 
		On exit  : 
		Unchanged: 
 Data sizes:     COMMON   BANK0   BANK1
      Params:         0       0       0
      Locals:         0       0       0
      Temps:          4       0       0
      Totals:         4       0       0
Total ram usage:        4 bytes
 Hardware stack levels used:    1
 Hardware stack levels required when called:    4
 This function calls:
		_LED_function
		_RF_send
		_scanf_key
		_start_code
 This function is called by:
		Interrupt level 1
 This function uses a non-reentrant model


 *************** function _start_code *****************
 Defined at:
		line 936 in file "FT61FC2x_Timer0.c"
 Parameters:    Size  Location     Type
		None
 Auto vars:     Size  Location     Type
		None
 Return value:  Size  Location     Type
                  1    wreg      void 
 Registers used:
		wreg, status,2, status,0
 Tracked objects:
		On entry : 
		On exit  : 
		Unchanged: 
 Data sizes:     COMMON   BANK0   BANK1
      Params:         0       0       0
      Locals:         0       0       0
      Temps:          0       0       0
      Totals:         0       0       0
Total ram usage:        0 bytes
 Hardware stack levels used:    1
 This function calls:
		Nothing
 This function is called by:
		_ISR
 This function uses a non-reentrant model


 *************** function _scanf_key *****************
 Defined at:
		line 518 in file "FT61FC2x_Timer0.c"
 Parameters:    Size  Location     Type
		None
 Auto vars:     Size  Location     Type
		None
 Return value:  Size  Location     Type
                  1    wreg      void 
 Registers used:
		wreg, fsr0l, fsr0h, status,2, status,0, btemp+1, pclath, cstack
 Tracked objects:
		On entry : 
		On exit  : 
		Unchanged: 
 Data sizes:     COMMON   BANK0   BANK1
      Params:         0       0       0
      Locals:         0       0       0
      Temps:          1       0       0
      Totals:         1       0       0
Total ram usage:        1 bytes
 Hardware stack levels used:    1
 Hardware stack levels required when called:    3
 This function calls:
		_write_key_function
 This function is called by:
		_ISR
 This function uses a non-reentrant model


 *************** function _write_key_function *****************
 Defined at:
		line 484 in file "FT61FC2x_Timer0.c"
 Parameters:    Size  Location     Type
  Addr            1    wreg     unsigned char 
  key             1    5[COMMON] unsigned char 
 Auto vars:     Size  Location     Type
  Addr            1    6[COMMON] unsigned char 
 Return value:  Size  Location     Type
                  1    wreg      void 
 Registers used:
		wreg, fsr0l, fsr0h, status,2, status,0, btemp+1, pclath, cstack
 Tracked objects:
		On entry : 
		On exit  : 
		Unchanged: 
 Data sizes:     COMMON   BANK0   BANK1
      Params:         1       0       0
      Locals:         1       0       0
      Temps:          0       0       0
      Totals:         2       0       0
Total ram usage:        2 bytes
 Hardware stack levels used:    1
 Hardware stack levels required when called:    2
 This function calls:
		_Addr_code
		_write_bit
 This function is called by:
		_scanf_key
 This function uses a non-reentrant model


 *************** function _write_bit *****************
 Defined at:
		line 459 in file "FT61FC2x_Timer0.c"
 Parameters:    Size  Location     Type
  byte            1    wreg     unsigned char 
 Auto vars:     Size  Location     Type
  byte            1    1[COMMON] unsigned char 
 Return value:  Size  Location     Type
                  1    wreg      void 
 Registers used:
		wreg, status,2, status,0
 Tracked objects:
		On entry : 
		On exit  : 
		Unchanged: 
 Data sizes:     COMMON   BANK0   BANK1
      Params:         0       0       0
      Locals:         1       0       0
      Temps:          1       0       0
      Totals:         2       0       0
Total ram usage:        2 bytes
 Hardware stack levels used:    1
 This function calls:
		Nothing
 This function is called by:
		_write_key_function
 This function uses a non-reentrant model


 *************** function _Addr_code *****************
 Defined at:
		line 968 in file "FT61FC2x_Timer0.c"
 Parameters:    Size  Location     Type
  Addrs           1    wreg     unsigned char 
 Auto vars:     Size  Location     Type
  Addrs           1    2[COMMON] unsigned char 
  i               2    3[COMMON] int 
 Return value:  Size  Location     Type
                  1    wreg      void 
 Registers used:
		wreg, fsr0l, fsr0h, status,2, status,0, btemp+1, pclath, cstack
 Tracked objects:
		On entry : 
		On exit  : 
		Unchanged: 
 Data sizes:     COMMON   BANK0   BANK1
      Params:         0       0       0
      Locals:         3       0       0
      Temps:          0       0       0
      Totals:         3       0       0
Total ram usage:        3 bytes
 Hardware stack levels used:    1
 Hardware stack levels required when called:    1
 This function calls:
		_EEPROMread
 This function is called by:
		_write_key_function
 This function uses a non-reentrant model


 *************** function _EEPROMread *****************
 Defined at:
		line 921 in file "FT61FC2x_Timer0.c"
 Parameters:    Size  Location     Type
  EEAddr          1    wreg     unsigned char 
 Auto vars:     Size  Location     Type
  EEAddr          1    0[COMMON] unsigned char 
  ReEEPROMread    1    1[COMMON] unsigned char 
 Return value:  Size  Location     Type
                  1    wreg      unsigned char 
 Registers used:
		wreg
 Tracked objects:
		On entry : 
		On exit  : 
		Unchanged: 
 Data sizes:     COMMON   BANK0   BANK1
      Params:         0       0       0
      Locals:         2       0       0
      Temps:          0       0       0
      Totals:         2       0       0
Total ram usage:        2 bytes
 Hardware stack levels used:    1
 This function calls:
		Nothing
 This function is called by:
		_Addr_code
 This function uses a non-reentrant model


 *************** function _RF_send *****************
 Defined at:
		line 400 in file "FT61FC2x_Timer0.c"
 Parameters:    Size  Location     Type
		None
 Auto vars:     Size  Location     Type
		None
 Return value:  Size  Location     Type
                  1    wreg      void 
 Registers used:
		wreg, fsr0l, fsr0h, status,2, status,0
 Tracked objects:
		On entry : 
		On exit  : 
		Unchanged: 
 Data sizes:     COMMON   BANK0   BANK1
      Params:         0       0       0
      Locals:         0       0       0
      Temps:          4       0       0
      Totals:         4       0       0
Total ram usage:        4 bytes
 Hardware stack levels used:    1
 This function calls:
		Nothing
 This function is called by:
		_ISR
 This function uses a non-reentrant model


 *************** function _LED_function *****************
 Defined at:
		line 247 in file "FT61FC2x_Timer0.c"
 Parameters:    Size  Location     Type
		None
 Auto vars:     Size  Location     Type
		None
 Return value:  Size  Location     Type
                  1    wreg      void 
 Registers used:
		wreg, status,2, status,0
 Tracked objects:
		On entry : 
		On exit  : 
		Unchanged: 
 Data sizes:     COMMON   BANK0   BANK1
      Params:         0       0       0
      Locals:         0       0       0
      Temps:          0       0       0
      Totals:         0       0       0
Total ram usage:        0 bytes
 Hardware stack levels used:    1
 This function calls:
		Nothing
 This function is called by:
		_ISR
 This function uses a non-reentrant model



MODULE INFORMATION

Module		Function		Class		Link	Load	Size
FT61FC2x_Timer0.c
		_ISR           		CODE           	0248	0000	49
		_main          		CODE           	031D	0000	25
		_EEPROMread    		CODE           	036D	0000	9
		_Sleep_code    		CODE           	0335	0000	19
		_POWER_INITIAL 		CODE           	0304	0000	26
		_RF_send       		CODE           	017A	0000	98
		_start_code    		CODE           	02A8	0000	34
		_TIMER2_INITIAL		CODE           	0357	0000	15
		_write_key_function		CODE           	027E	0000	43
		_write_bit     		CODE           	02C9	0000	34
		_Addr_code     		CODE           	02EA	0000	27
		_scanf_key     		CODE           	001C	0000	340
		_LED_function  		CODE           	01E1	0000	104

FT61FC2x_Timer0.c estimated size: 823

shared
		__initialization		CODE           	0011	0000	10
		PL2            		CODE           	016F	0000	12
		PL4            		CODE           	01DB	0000	7
		PL6            		CODE           	0278	0000	7

shared estimated size: 36

